Found 110 unique characters to scrape.
[Burchard] Wiki error: The page you specified doesn't exist.
Sleeping for 20 seconds...
[Certus] Successfully generated HTML.
Sleeping for 20 seconds...
[Maugan Ra] Successfully generated HTML.
Sleeping for 20 seconds...
[Darkstrider] Successfully generated HTML.
Sleeping for 20 seconds...
[Thutmose] Successfully generated HTML.
Sleeping for 20 seconds...
[Snappawrecka] Successfully generated HTML.
Sleeping for 20 seconds...
[Yarrick] Wiki error: The page you specified doesn't exist.
Sleeping for 20 seconds...
[Thoread] Wiki error: The page you specified doesn't exist.
Sleeping for 20 seconds...
[Jaeger] Wiki error: The page you specified doesn't exist.
Sleeping for 20 seconds...
[Rukkatrukk] Successfully generated HTML.
Sleeping for 20 seconds...
[Creed] Wiki error: The page you specified doesn't exist.
Sleeping for 20 seconds...
[Tarvakh] Skipping, file already exists.
[Wrask] Successfully generated HTML.
Sleeping for 20 seconds...
[Winged Prime] Successfully generated HTML.
Sleeping for 20 seconds...
[Hascule] Successfully generated HTML.
Sleeping for 20 seconds...
[Jain Zar] Successfully generated HTML.
Sleeping for 20 seconds...
[Parasite] Wiki error: The page you specified doesn't exist.
Sleeping for 20 seconds...
[Abraxas] Successfully generated HTML.
Sleeping for 20 seconds...
[Aleph-Null] Successfully generated HTML.
Sleeping for 20 seconds...
[Incisus] Successfully generated HTML.
Sleeping for 20 seconds...
[Yazaghor] Successfully generated HTML.
Sleeping for 20 seconds...
[Marneus Calgar] Successfully generated HTML.
Sleeping for 20 seconds...
[Tan Gi'da] Successfully generated HTML.
Sleeping for 20 seconds...
[Bellator] Successfully generated HTML.
Sleeping for 20 seconds...
[Xybia] Successfully generated HTML.
Sleeping for 20 seconds...
[Forcas] Successfully generated HTML.
Sleeping for 20 seconds...
[Thaumachus] Successfully generated HTML.
Sleeping for 20 seconds...
[Boss Gulgortz] Successfully generated HTML.
Sleeping for 20 seconds...
[Azrael] Successfully generated HTML.
Sleeping for 20 seconds...
[Imospekh] Successfully generated HTML.
Sleeping for 20 seconds...
[Celestine] Successfully generated HTML.
Sleeping for 20 seconds...
[Tanksmasha] Successfully generated HTML.
Sleeping for 20 seconds...
[Galatian] Successfully generated HTML.
Sleeping for 20 seconds...
[Lucien] Successfully generated HTML.
Sleeping for 20 seconds...
[Nicodemus] Successfully generated HTML.
Sleeping for 20 seconds...
[Cyrus] Successfully generated HTML.
Sleeping for 20 seconds...
[Anuphet] Successfully generated HTML.
Sleeping for 20 seconds...
[Makhotep] Successfully generated HTML.
Sleeping for 20 seconds...
[Corrodius] Successfully generated HTML.
Sleeping for 20 seconds...
[Kut Skoden] Successfully generated HTML.
Sleeping for 20 seconds...
[Asmodai] Successfully generated HTML.
Sleeping for 20 seconds...
[Arjac] Successfully generated HTML.
Sleeping for 20 seconds...
[Atlacoya] Successfully generated HTML.
Sleeping for 20 seconds...
[Demetrian Titus] Wiki error: The page you specified doesn't exist.
Sleeping for 20 seconds...
[Aun'Shi] Successfully generated HTML.
Sleeping for 20 seconds...
[Âmmuk] Wiki error: The page you specified doesn't exist.
Sleeping for 20 seconds...
[Eldryon] Successfully generated HTML.
Sleeping for 20 seconds...
[Godswyl] Wiki error: The page you specified doesn't exist.
Sleeping for 20 seconds...
[Azkor] Successfully generated HTML.
Sleeping for 20 seconds...
[Marshal Dreir] Successfully generated HTML.
Sleeping for 20 seconds...
[Khârn] Wiki error: The page you specified doesn't exist.
Sleeping for 20 seconds...
[Tyrant Guard] Successfully generated HTML.
Sleeping for 20 seconds...
[Neurothrope] Successfully generated HTML.
Sleeping for 20 seconds...
[Ahriman] Successfully generated HTML.
Sleeping for 20 seconds...
[Typhus] Successfully generated HTML.
Sleeping for 20 seconds...
[Vynn] Successfully generated HTML.
Sleeping for 20 seconds...
[Roswitha] Successfully generated HTML.
Sleeping for 20 seconds...
[Toth] Successfully generated HTML.
Sleeping for 20 seconds...
[Gibbascrapz] Successfully generated HTML.
Sleeping for 20 seconds...
[Varro Tigurius] Successfully generated HTML.
Sleeping for 20 seconds...
[Sibyll] Wiki error: The page you specified doesn't exist.
Sleeping for 20 seconds...
[Volk] Successfully generated HTML.
Sleeping for 20 seconds...
[Isaak] Successfully generated HTML.
Sleeping for 20 seconds...
[Malleus] Wiki error: The page you specified doesn't exist.
Sleeping for 20 seconds...
[Ûthar] Wiki error: The page you specified doesn't exist.
Sleeping for 20 seconds...
[Angrax] Successfully generated HTML.
Sleeping for 20 seconds...
[Snotflogga] Skipping, file already exists.
[Aethana] Successfully generated HTML.
Sleeping for 20 seconds...
[Hollan] Successfully generated HTML.
Sleeping for 20 seconds...
[Aesoth] Successfully generated HTML.
Sleeping for 20 seconds...
[The Patermine] Successfully generated HTML.
Sleeping for 20 seconds...
[Ulf] Successfully generated HTML.
Sleeping for 20 seconds...
[Thaddeus] Wiki error: The page you specified doesn't exist.
Sleeping for 20 seconds...
[Forgefiend] Successfully generated HTML.
Sleeping for 20 seconds...
[Biovore] Successfully generated HTML.
Sleeping for 20 seconds...
[Sarquael] Successfully generated HTML.
Sleeping for 20 seconds...
[Archimatos] Successfully generated HTML.
Sleeping for 20 seconds...
[Lucius] Successfully generated HTML.
Sleeping for 20 seconds...
[Baraqiel] Successfully generated HTML.
Sleeping for 20 seconds...
[Mataneo] Successfully generated HTML.
Sleeping for 20 seconds...
[Vitruvius] Successfully generated HTML.
Sleeping for 20 seconds...
[Sy-Gex] Successfully generated HTML.
Sleeping for 20 seconds...
[Shiron] Successfully generated HTML.
Sleeping for 20 seconds...
[Re'vas] Successfully generated HTML.
Sleeping for 20 seconds...
[Njal] Successfully generated HTML.
Sleeping for 20 seconds...
[Shadowsun] Skipping, file already exists.
[Calandis] Successfully generated HTML.
Sleeping for 20 seconds...
[Isabella] Successfully generated HTML.
Sleeping for 20 seconds...
[Nauseous] Wiki error: The page you specified doesn't exist.
Sleeping for 20 seconds...
[Macer] Successfully generated HTML.
Sleeping for 20 seconds...
[Sho'syl] Successfully generated HTML.
Sleeping for 20 seconds...
[Havyr] Successfully generated HTML.
Sleeping for 20 seconds...
[Tyrith] Successfully generated HTML.
Sleeping for 20 seconds...
[Abaddon] Skipping, file already exists.
[Ragnar] Successfully generated HTML.
Sleeping for 20 seconds...
[Mephiston] Successfully generated HTML.
Sleeping for 20 seconds...
[Pestillian] Successfully generated HTML.
Sleeping for 20 seconds...
[Actus] Successfully generated HTML.
Sleeping for 20 seconds...
[Tjark] Successfully generated HTML.
Sleeping for 20 seconds...
[Exitor-Rho] Successfully generated HTML.
Sleeping for 20 seconds...
[Helbrecht] Wiki error: The page you specified doesn't exist.
Sleeping for 20 seconds...
[Exorcist] Successfully generated HTML.
Sleeping for 20 seconds...
[Vindicta] Successfully generated HTML.
Sleeping for 20 seconds...
[Maladus] API Request failed: <urlopen error [Errno -2] Name or service not known>
Sleeping for 20 seconds...
[Dante] Successfully generated HTML.
Sleeping for 20 seconds...
[Morvenn Vahl] Successfully generated HTML.
Sleeping for 20 seconds...
[Deathleaper] Successfully generated HTML.
Sleeping for 20 seconds...
[Laviscus] Successfully generated HTML.
Sleeping for 20 seconds...
[Haarken] Wiki error: The page you specified doesn't exist.
Sleeping for 20 seconds...
[Thothmek] Successfully generated HTML.
Sleeping for 20 seconds...
Scraping finished!
[main 375ca29] feat: Adicionados perfis de personagens Tacticus via web scraping
 119 files changed, 30691 insertions(+)
 create mode 100644 personagens/Abaddon.html
 create mode 100644 personagens/Abraxas.html
 create mode 100644 personagens/Actus.html
 create mode 100644 personagens/Aeldari.html
 create mode 100644 personagens/Aesoth.html
 create mode 100644 personagens/Aethana.html
 create mode 100644 personagens/Ahriman.html
 create mode 100644 personagens/Aleph-Null.html
 create mode 100644 personagens/Angrax.html
 create mode 100644 personagens/Anuphet.html
 create mode 100644 personagens/Archimatos.html
 create mode 100644 personagens/Arjac.html
 create mode 100644 personagens/Asmodai.html
 create mode 100644 personagens/Atlacoya.html
 create mode 100644 personagens/Aun'Shi.html
 create mode 100644 personagens/Azkor.html
 create mode 100644 personagens/Azrael.html
 create mode 100644 personagens/Baraqiel.html
 create mode 100644 personagens/Bellator.html
 create mode 100644 personagens/Biovore.html
 create mode 100644 personagens/Boss Gulgortz.html
 create mode 100644 personagens/Calandis.html
 create mode 100644 personagens/Calgar.html
 create mode 100644 personagens/Celestine.html
 create mode 100644 personagens/Certus.html
 create mode 100644 personagens/Corrodius.html
 create mode 100644 personagens/Cyrus.html
 create mode 100644 personagens/Dante.html
 create mode 100644 personagens/Darkstrider.html
 create mode 100644 personagens/Deathleaper.html
 create mode 100644 personagens/Eldrad.html
 create mode 100644 personagens/Eldryon.html
 create mode 100644 personagens/Exitor-Rho.html
 create mode 100644 personagens/Exorcist.html
 create mode 100644 personagens/Farsight.html
 create mode 100644 personagens/Forcas.html
 create mode 100644 personagens/Forgefiend.html
 create mode 100644 personagens/Galatian.html
 create mode 100644 personagens/Ghazghkull.html
 create mode 100644 personagens/Gibbascrapz.html
 create mode 100644 personagens/Guilliman.html
 create mode 100644 personagens/Hascule.html
 create mode 100644 personagens/Havyr.html
 create mode 100644 personagens/Hollan.html
 create mode 100644 personagens/Imospekh.html
 create mode 100644 personagens/Imotekh.html
 create mode 100644 personagens/Incisus.html
 create mode 100644 personagens/Isaak.html
 create mode 100644 personagens/Isabella.html
 create mode 100644 personagens/Jain Zar.html
 create mode 100644 personagens/Kut Skoden.html
 create mode 100644 personagens/Laviscus.html
 create mode 100644 personagens/Lictor.html
 create mode 100644 personagens/Lucien.html
 create mode 100644 personagens/Lucius.html
 create mode 100644 personagens/Macer.html
 create mode 100644 personagens/Magnus.html
 create mode 100644 personagens/Makhotep.html
 create mode 100644 personagens/Marneus Calgar.html
 create mode 100644 personagens/Marshal Dreir.html
 create mode 100644 personagens/Mataneo.html
 create mode 100644 personagens/Maugan Ra.html
 create mode 100644 personagens/Mephiston.html
 create mode 100644 personagens/Morvenn Vahl.html
 create mode 100644 personagens/Neurothrope.html
 create mode 100644 personagens/Nicodemus.html
 create mode 100644 personagens/Njal.html
 create mode 100644 personagens/Orks.html
 create mode 100644 personagens/Pestillian.html
 create mode 100644 personagens/Ragnar.html
 create mode 100644 personagens/Re'vas.html
 create mode 100644 personagens/Roswitha.html
 create mode 100644 personagens/Rukkatrukk.html
 create mode 100644 personagens/Sarquael.html
 create mode 100644 personagens/Shadowsun.html
 create mode 100644 personagens/Shiron.html
 create mode 100644 personagens/Sho'syl.html
 create mode 100644 personagens/Snappawrecka.html
 create mode 100644 personagens/Snotflogga.html
 create mode 100644 personagens/Swarmlord.html
 create mode 100644 personagens/Sy-Gex.html
 create mode 100644 personagens/Szarekh.html
 create mode 100644 personagens/Tan Gi'da.html
 create mode 100644 personagens/Tanksmasha.html
 create mode 100644 personagens/Tarvakh.html
 create mode 100644 personagens/Thaumachus.html
 create mode 100644 personagens/The Patermine.html
 create mode 100644 personagens/Thothmek.html
 create mode 100644 personagens/Thutmose.html
 create mode 100644 personagens/Tjark.html
 create mode 100644 personagens/Toth.html
 create mode 100644 personagens/Typhus.html
 create mode 100644 personagens/Tyrant Guard.html
 create mode 100644 personagens/Tyrith.html
 create mode 100644 personagens/Ulf.html
 create mode 100644 personagens/Varro Tigurius.html
 create mode 100644 personagens/Vindicta.html
 create mode 100644 personagens/Vitruvius.html
 create mode 100644 personagens/Volk.html
 create mode 100644 personagens/Vynn.html
 create mode 100644 personagens/Winged Prime.html
 create mode 100644 personagens/Wrask.html
 create mode 100644 personagens/Xybia.html
 create mode 100644 personagens/Yazaghor.html
 create mode 100644 personagens/Yvraine.html
 create mode 100644 personagens/Zagstruk.html
 create mode 100644 personagens/chaos.html
 create mode 100644 personagens/character_template.html
 create mode 100644 personagens/chat.html
 create mode 100644 personagens/humans.html
 create mode 100644 personagens/indexhumans.html
 create mode 100644 personagens/indexnecrons.html
 create mode 100644 personagens/indextau.html
 create mode 100644 personagens/indextyranides.html
 create mode 100644 personagens/mapadagalaxia.html
 create mode 100644 personagens/necrons.html
 create mode 100644 personagens/tacticus.html
 create mode 100644 personagens/tau.html
To https://github.com/vlacerda93/Warhammer40k.git
   8a42f2b..375ca29  main -> main
