Traduzindo Thoread.html...
Traduzindo Vynn.html...
Traduzindo Atlacoya.html...
Traduzindo Eldryon.html...
Traduzindo Re'vas.html...
Traduzindo Aesoth.html...
Traduzindo Ûthar.html...
Traduzindo Nicodemus.html...
Traduzindo The Patermine.html...
Traduzindo Farsight.html...
Traduzindo Tjark.html...
Traduzindo Arjac.html...
Traduzindo Lucius.html...
Traduzindo Anuphet.html...
Traduzindo Maugan Ra.html...
Traduzindo Abraxas.html...
Traduzindo Azkor.html...
Traduzindo Snotflogga.html...
Traduzindo Yazaghor.html...
Traduzindo Isabella.html...
Traduzindo Varro Tigurius.html...
Traduzindo Haarken.html...
Traduzindo Godswyl.html...
Traduzindo Angrax.html...
Traduzindo Orks.html...
Traduzindo Xybia.html...
Traduzindo Havyr.html...
Traduzindo Gibbascrapz.html...
Traduzindo Exorcist.html...
Traduzindo Aleph-Null.html...
Traduzindo Roswitha.html...
Traduzindo Toth.html...
Traduzindo Nauseous.html...
Traduzindo Ragnar.html...
Traduzindo Ulf.html...
Traduzindo Corrodius.html...
Traduzindo Azrael.html...
Traduzindo Shiron.html...
Traduzindo Thaddeus.html...
Traduzindo Pestillian.html...
Traduzindo Malleus.html...
Traduzindo Wrask.html...
Traduzindo Boss Gulgortz.html...
Traduzindo Khârn.html...
Traduzindo Asmodai.html...
Traduzindo Deathleaper.html...
Traduzindo Burchard.html...
Traduzindo Thutmose.html...
Traduzindo Rukkatrukk.html...
Traduzindo Volk.html...
Traduzindo Baraqiel.html...
Traduzindo Tan Gi'da.html...
Traduzindo Calandis.html...
Traduzindo Thothmek.html...
Traduzindo Macer.html...
Traduzindo Lucien.html...
Traduzindo Aethana.html...
Traduzindo Tarvakh.html...
Traduzindo Hollan.html...
Traduzindo Marneus Calgar.html...
Traduzindo Hascule.html...
Traduzindo Kut Skoden.html...
Traduzindo Snappawrecka.html...
Traduzindo Forgefiend.html...
Traduzindo Tyrant Guard.html...
Traduzindo Neurothrope.html...
Traduzindo Certus.html...
Traduzindo Archimatos.html...
Traduzindo Morvenn Vahl.html...
Traduzindo Dante.html...
Traduzindo Njal.html...
Traduzindo Sibyll.html...
Traduzindo Actus.html...
Traduzindo Laviscus.html...
Traduzindo Isaak.html...
Traduzindo Makhotep.html...
Traduzindo Tyrith.html...
Traduzindo Imospekh.html...
Traduzindo Bellator.html...
Traduzindo Âmmuk.html...
Traduzindo Jaeger.html...
Traduzindo Incisus.html...
Traduzindo Sarquael.html...
Traduzindo Mataneo.html...
Traduzindo Sy-Gex.html...
Traduzindo Biovore.html...
Traduzindo Darkstrider.html...
Traduzindo Tanksmasha.html...
Traduzindo Forcas.html...
Traduzindo Demetrian Titus.html...
Traduzindo Typhus.html...
Traduzindo Aun'Shi.html...
Traduzindo Mephiston.html...
Traduzindo Celestine.html...
Traduzindo Sho'syl.html...
Traduzindo Exitor-Rho.html...
Traduzindo Ahriman.html...
Traduzindo Galatian.html...
Traduzindo Vindicta.html...
Traduzindo Vitruvius.html...
Traduzindo Jain Zar.html...
Traduzindo Helbrecht.html...
Traduzindo Cyrus.html...
Traduzindo Thaumachus.html...
Traduzindo Marshal Dreir.html...
Traduzindo Winged Prime.html...

Concluído! 106 de 106 arquivos foram traduzidos nesta rodada.
